Last login: Fri Sep 11 16:24:36 on ttys000
lukas@Lukas-MacBook ~ % cd
lukas@Lukas-MacBook ~ % cd Lab/Projects 
lukas@Lukas-MacBook Projects % ls
Circuit0x8E		Pedro Circuit Tutorial
lukas@Lukas-MacBook Projects % cd Circuit0x8E 
lukas@Lukas-MacBook Circuit0x8E % ls
Current Version		Data			Old Circuit Version
lukas@Lukas-MacBook Circuit0x8E % cd Current\ Version 
lukas@Lukas-MacBook Current Version % ls
Circuit0x8E_Logic_Free		Prism Files
Circuit0x8E_Two_Inverter	SBOL Files
Circuit0x8E_normal		Simulations.xlsx
Data
lukas@Lukas-MacBook Current Version % cd Prism\ Files 
lukas@Lukas-MacBook Prism Files % cd Circuit0x8E 
lukas@Lukas-MacBook Circuit0x8E % ls
Glitch One	Glitch Zero
lukas@Lukas-MacBook Circuit0x8E % cd Glitch\ Zero 
lukas@Lukas-MacBook Glitch Zero % ls
Circuit0x8E_010to100.xml	Circuit0x8E_100to111.xml
Circuit0x8E_010to111.xml	Circuit0x8E_111to010.xml
Circuit0x8E_100to010.xml	Circuit0x8E_111to100.xml
lukas@Lukas-MacBook Glitch Zero % sbml2prism Circuit0x8E_010to100.xml 
// File generated by automatic SBML-to-PRISM conversion
// Original SBML file: Circuit0x8E_010to100.xml

ctmc

const int MAX_AMOUNT = 100;

// Compartment size
const double Cell = 1.0;

// Model parameters
const double kd = 0.00075; // kd
const double kc_f = 0.05; // kc_f
const double kc_r = 1; // kc_r
const double nc = 2; // nc
const double topModel_AmtRpart_module_sub__kr_f = 0.5; // topModel_AmtRpart_module_sub__kr_f
const double topModel_AmtRpart_module_sub__kr_r = 1; // topModel_AmtRpart_module_sub__kr_r
const double topModel_AmtRpart_module_sub__ka_f = 0.0033; // topModel_AmtRpart_module_sub__ka_f
const double topModel_AmtRpart_module_sub__ka_r = 1; // topModel_AmtRpart_module_sub__ka_r
const double topModel_AmtRpart_module_sub__ko_f = 0.033; // topModel_AmtRpart_module_sub__ko_f
const double topModel_AmtRpart_module_sub__ko_r = 1; // topModel_AmtRpart_module_sub__ko_r
const double topModel_AmtRpart_module_sub__kao_f = 1; // topModel_AmtRpart_module_sub__kao_f
const double topModel_AmtRpart_module_sub__kao_r = 1; // topModel_AmtRpart_module_sub__kao_r
const double topModel_AmtRpart_module_sub__nc = 2; // topModel_AmtRpart_module_sub__nc
const double topModel_AmtRpart_module_sub__nr = 30; // topModel_AmtRpart_module_sub__nr
const double topModel_AmtRpart_module_sub__ko = 0.05; // topModel_AmtRpart_module_sub__ko
const double topModel_AmtRpart_module_sub__kb = 0.0001; // topModel_AmtRpart_module_sub__kb
const double topModel_AmtRpart_module_sub__ng = 2; // topModel_AmtRpart_module_sub__ng
const double topModel_AmtRpart_module_sub__np = 10; // topModel_AmtRpart_module_sub__np
const double topModel_AmtRpart_module_sub__ka = 0.25; // topModel_AmtRpart_module_sub__ka
const double topModel_YFPpart_module_sub__kr_f = 0.5; // topModel_YFPpart_module_sub__kr_f
const double topModel_YFPpart_module_sub__kr_r = 1; // topModel_YFPpart_module_sub__kr_r
const double topModel_YFPpart_module_sub__ka_f = 0.0033; // topModel_YFPpart_module_sub__ka_f
const double topModel_YFPpart_module_sub__ka_r = 1; // topModel_YFPpart_module_sub__ka_r
const double topModel_YFPpart_module_sub__ko_f = 0.033; // topModel_YFPpart_module_sub__ko_f
const double topModel_YFPpart_module_sub__ko_r = 1; // topModel_YFPpart_module_sub__ko_r
const double topModel_YFPpart_module_sub__kao_f = 1; // topModel_YFPpart_module_sub__kao_f
const double topModel_YFPpart_module_sub__kao_r = 1; // topModel_YFPpart_module_sub__kao_r
const double topModel_YFPpart_module_sub__nc = 2; // topModel_YFPpart_module_sub__nc
const double topModel_YFPpart_module_sub__nr = 30; // topModel_YFPpart_module_sub__nr
const double topModel_YFPpart_module_sub__ko = 0.05; // topModel_YFPpart_module_sub__ko
const double topModel_YFPpart_module_sub__kb = 0.0001; // topModel_YFPpart_module_sub__kb
const double topModel_YFPpart_module_sub__ng = 2; // topModel_YFPpart_module_sub__ng
const double topModel_YFPpart_module_sub__np = 10; // topModel_YFPpart_module_sub__np
const double topModel_YFPpart_module_sub__ka = 0.25; // topModel_YFPpart_module_sub__ka
const double topModel_BetIpart_module_sub__kr_f = 0.5; // topModel_BetIpart_module_sub__kr_f
const double topModel_BetIpart_module_sub__kr_r = 1; // topModel_BetIpart_module_sub__kr_r
const double topModel_BetIpart_module_sub__ka_f = 0.0033; // topModel_BetIpart_module_sub__ka_f
const double topModel_BetIpart_module_sub__ka_r = 1; // topModel_BetIpart_module_sub__ka_r
const double topModel_BetIpart_module_sub__ko_f = 0.033; // topModel_BetIpart_module_sub__ko_f
const double topModel_BetIpart_module_sub__ko_r = 1; // topModel_BetIpart_module_sub__ko_r
const double topModel_BetIpart_module_sub__kao_f = 1; // topModel_BetIpart_module_sub__kao_f
const double topModel_BetIpart_module_sub__kao_r = 1; // topModel_BetIpart_module_sub__kao_r
const double topModel_BetIpart_module_sub__nc = 2; // topModel_BetIpart_module_sub__nc
const double topModel_BetIpart_module_sub__nr = 30; // topModel_BetIpart_module_sub__nr
const double topModel_BetIpart_module_sub__ko = 0.05; // topModel_BetIpart_module_sub__ko
const double topModel_BetIpart_module_sub__kb = 0.0001; // topModel_BetIpart_module_sub__kb
const double topModel_BetIpart_module_sub__ng = 2; // topModel_BetIpart_module_sub__ng
const double topModel_BetIpart_module_sub__np = 10; // topModel_BetIpart_module_sub__np
const double topModel_BetIpart_module_sub__ka = 0.25; // topModel_BetIpart_module_sub__ka
const double topModel_PhlFpart_module_sub__kr_f = 0.5; // topModel_PhlFpart_module_sub__kr_f
const double topModel_PhlFpart_module_sub__kr_r = 1; // topModel_PhlFpart_module_sub__kr_r
const double topModel_PhlFpart_module_sub__ka_f = 0.0033; // topModel_PhlFpart_module_sub__ka_f
const double topModel_PhlFpart_module_sub__ka_r = 1; // topModel_PhlFpart_module_sub__ka_r
const double topModel_PhlFpart_module_sub__ko_f = 0.033; // topModel_PhlFpart_module_sub__ko_f
const double topModel_PhlFpart_module_sub__ko_r = 1; // topModel_PhlFpart_module_sub__ko_r
const double topModel_PhlFpart_module_sub__kao_f = 1; // topModel_PhlFpart_module_sub__kao_f
const double topModel_PhlFpart_module_sub__kao_r = 1; // topModel_PhlFpart_module_sub__kao_r
const double topModel_PhlFpart_module_sub__nc = 2; // topModel_PhlFpart_module_sub__nc
const double topModel_PhlFpart_module_sub__nr = 30; // topModel_PhlFpart_module_sub__nr
const double topModel_PhlFpart_module_sub__ko = 0.05; // topModel_PhlFpart_module_sub__ko
const double topModel_PhlFpart_module_sub__kb = 0.0001; // topModel_PhlFpart_module_sub__kb
const double topModel_PhlFpart_module_sub__ng = 2; // topModel_PhlFpart_module_sub__ng
const double topModel_PhlFpart_module_sub__np = 10; // topModel_PhlFpart_module_sub__np
const double topModel_PhlFpart_module_sub__ka = 0.25; // topModel_PhlFpart_module_sub__ka
const double topModel_HlyIIRpart_module_sub__kr_f = 0.5; // topModel_HlyIIRpart_module_sub__kr_f
const double topModel_HlyIIRpart_module_sub__kr_r = 1; // topModel_HlyIIRpart_module_sub__kr_r
const double topModel_HlyIIRpart_module_sub__ka_f = 0.0033; // topModel_HlyIIRpart_module_sub__ka_f
const double topModel_HlyIIRpart_module_sub__ka_r = 1; // topModel_HlyIIRpart_module_sub__ka_r
const double topModel_HlyIIRpart_module_sub__ko_f = 0.033; // topModel_HlyIIRpart_module_sub__ko_f
const double topModel_HlyIIRpart_module_sub__ko_r = 1; // topModel_HlyIIRpart_module_sub__ko_r
const double topModel_HlyIIRpart_module_sub__kao_f = 1; // topModel_HlyIIRpart_module_sub__kao_f
const double topModel_HlyIIRpart_module_sub__kao_r = 1; // topModel_HlyIIRpart_module_sub__kao_r
const double topModel_HlyIIRpart_module_sub__nc = 2; // topModel_HlyIIRpart_module_sub__nc
const double topModel_HlyIIRpart_module_sub__nr = 30; // topModel_HlyIIRpart_module_sub__nr
const double topModel_HlyIIRpart_module_sub__ko = 0.05; // topModel_HlyIIRpart_module_sub__ko
const double topModel_HlyIIRpart_module_sub__kb = 0.0001; // topModel_HlyIIRpart_module_sub__kb
const double topModel_HlyIIRpart_module_sub__ng = 2; // topModel_HlyIIRpart_module_sub__ng
const double topModel_HlyIIRpart_module_sub__np = 10; // topModel_HlyIIRpart_module_sub__np
const double topModel_HlyIIRpart_module_sub__ka = 0.25; // topModel_HlyIIRpart_module_sub__ka

// Species AmtR_protein
const int AmtR_protein_MAX = MAX_AMOUNT;
module AmtR_protein
	
	AmtR_protein : [0..AmtR_protein_MAX] init 0; // Initial amount 0
	
	// AmtR_degradation_interaction
	[AmtR_degradation_interaction] AmtR_protein > 9 -> (AmtR_protein'=AmtR_protein-10);
	// topModel_AmtRpart_module_sub__AmtR_protein_interaction_0
	[topModel_AmtRpart_module_sub__AmtR_protein_interaction_0]  AmtR_protein <= AmtR_protein_MAX-10 -> (AmtR_protein'=AmtR_protein+10);
	// topModel_AmtRpart_module_sub__AmtR_protein_interaction_1
	[topModel_AmtRpart_module_sub__AmtR_protein_interaction_1]  AmtR_protein <= AmtR_protein_MAX-10 -> (AmtR_protein'=AmtR_protein+10);
	
endmodule

// Species BetI_protein
const int BetI_protein_MAX = MAX_AMOUNT;
module BetI_protein
	
	BetI_protein : [0..BetI_protein_MAX] init 70; // Initial amount 70
	
	// BetI_degradation_interaction
	[BetI_degradation_interaction] BetI_protein > 9 -> (BetI_protein'=BetI_protein-10);
	// topModel_BetIpart_module_sub__BetI_protein_interaction_0
	[topModel_BetIpart_module_sub__BetI_protein_interaction_0]  BetI_protein <= BetI_protein_MAX-10 -> (BetI_protein'=BetI_protein+10);
	// topModel_BetIpart_module_sub__BetI_protein_interaction_1
	[topModel_BetIpart_module_sub__BetI_protein_interaction_1]  BetI_protein <= BetI_protein_MAX-10 -> (BetI_protein'=BetI_protein+10);
	
endmodule

// Species HlyIIR_protein
const int HlyIIR_protein_MAX = MAX_AMOUNT;
module HlyIIR_protein
	
	HlyIIR_protein : [0..HlyIIR_protein_MAX] init 70; // Initial amount 70
	
	// HlyIIR_degradation_interaction
	[HlyIIR_degradation_interaction] HlyIIR_protein > 9 -> (HlyIIR_protein'=HlyIIR_protein-10);
	// topModel_HlyIIRpart_module_sub__HlyIIR_protein_interaction_0
	[topModel_HlyIIRpart_module_sub__HlyIIR_protein_interaction_0]  HlyIIR_protein <= HlyIIR_protein_MAX-10 -> (HlyIIR_protein'=HlyIIR_protein+10);
	// topModel_HlyIIRpart_module_sub__HlyIIR_protein_interaction_1
	[topModel_HlyIIRpart_module_sub__HlyIIR_protein_interaction_1]  HlyIIR_protein <= HlyIIR_protein_MAX-10 -> (HlyIIR_protein'=HlyIIR_protein+10);
	
endmodule

// Species PhlF_protein
const int PhlF_protein_MAX = MAX_AMOUNT;
module PhlF_protein
	
	PhlF_protein : [0..PhlF_protein_MAX] init 70; // Initial amount 70
	
	// PhlF_degradation_interaction
	[PhlF_degradation_interaction] PhlF_protein > 9 -> (PhlF_protein'=PhlF_protein-10);
	// topModel_PhlFpart_module_sub__PhlF_protein_interaction_0
	[topModel_PhlFpart_module_sub__PhlF_protein_interaction_0]  PhlF_protein <= PhlF_protein_MAX-10 -> (PhlF_protein'=PhlF_protein+10);
	// topModel_PhlFpart_module_sub__PhlF_protein_interaction_1
	[topModel_PhlFpart_module_sub__PhlF_protein_interaction_1]  PhlF_protein <= PhlF_protein_MAX-10 -> (PhlF_protein'=PhlF_protein+10);
	
endmodule

// Species YFP_protein
const int YFP_protein_MAX = MAX_AMOUNT;
module YFP_protein
	
	YFP_protein : [0..YFP_protein_MAX] init 0; // Initial amount 0
	
	// YFP_degradation_interaction
	[YFP_degradation_interaction] YFP_protein > 9 -> (YFP_protein'=YFP_protein-10);
	// topModel_YFPpart_module_sub__YFP_protein_interaction_0
	[topModel_YFPpart_module_sub__YFP_protein_interaction_0]  YFP_protein <= YFP_protein_MAX-10 -> (YFP_protein'=YFP_protein+10);
	// topModel_YFPpart_module_sub__YFP_protein_interaction_1
	[topModel_YFPpart_module_sub__YFP_protein_interaction_1]  YFP_protein <= YFP_protein_MAX-10 -> (YFP_protein'=YFP_protein+10);
	
endmodule

// Species topModel_AmtRpart_module_sub__pBAD
const int topModel_AmtRpart_module_sub__pBAD_MAX = MAX_AMOUNT;
module topModel_AmtRpart_module_sub__pBAD
	
	topModel_AmtRpart_module_sub__pBAD : [0..topModel_AmtRpart_module_sub__pBAD_MAX] init 2; // Initial amount 2
	
	
endmodule

// Species topModel_AmtRpart_module_sub__pHlyIIR
const int topModel_AmtRpart_module_sub__pHlyIIR_MAX = MAX_AMOUNT;
module topModel_AmtRpart_module_sub__pHlyIIR
	
	topModel_AmtRpart_module_sub__pHlyIIR : [0..topModel_AmtRpart_module_sub__pHlyIIR_MAX] init 2; // Initial amount 2
	
	
endmodule

// Species topModel_YFPpart_module_sub__pPhlF
const int topModel_YFPpart_module_sub__pPhlF_MAX = MAX_AMOUNT;
module topModel_YFPpart_module_sub__pPhlF
	
	topModel_YFPpart_module_sub__pPhlF : [0..topModel_YFPpart_module_sub__pPhlF_MAX] init 2; // Initial amount 2
	
	
endmodule

// Species topModel_YFPpart_module_sub__pBetI
const int topModel_YFPpart_module_sub__pBetI_MAX = MAX_AMOUNT;
module topModel_YFPpart_module_sub__pBetI
	
	topModel_YFPpart_module_sub__pBetI : [0..topModel_YFPpart_module_sub__pBetI_MAX] init 2; // Initial amount 2
	
	
endmodule

// Species topModel_BetIpart_module_sub__pHlyIIR
const int topModel_BetIpart_module_sub__pHlyIIR_MAX = MAX_AMOUNT;
module topModel_BetIpart_module_sub__pHlyIIR
	
	topModel_BetIpart_module_sub__pHlyIIR : [0..topModel_BetIpart_module_sub__pHlyIIR_MAX] init 2; // Initial amount 2
	
	
endmodule

// Species topModel_BetIpart_module_sub__pTet
const int topModel_BetIpart_module_sub__pTet_MAX = MAX_AMOUNT;
module topModel_BetIpart_module_sub__pTet
	
	topModel_BetIpart_module_sub__pTet : [0..topModel_BetIpart_module_sub__pTet_MAX] init 2; // Initial amount 2
	
	
endmodule

// Species topModel_PhlFpart_module_sub__pTac
const int topModel_PhlFpart_module_sub__pTac_MAX = MAX_AMOUNT;
module topModel_PhlFpart_module_sub__pTac
	
	topModel_PhlFpart_module_sub__pTac : [0..topModel_PhlFpart_module_sub__pTac_MAX] init 2; // Initial amount 2
	
	
endmodule

// Species topModel_PhlFpart_module_sub__pAmtR
const int topModel_PhlFpart_module_sub__pAmtR_MAX = MAX_AMOUNT;
module topModel_PhlFpart_module_sub__pAmtR
	
	topModel_PhlFpart_module_sub__pAmtR : [0..topModel_PhlFpart_module_sub__pAmtR_MAX] init 2; // Initial amount 2
	
	
endmodule

// Species topModel_HlyIIRpart_module_sub__pTet
const int topModel_HlyIIRpart_module_sub__pTet_MAX = MAX_AMOUNT;
module topModel_HlyIIRpart_module_sub__pTet
	
	topModel_HlyIIRpart_module_sub__pTet : [0..topModel_HlyIIRpart_module_sub__pTet_MAX] init 2; // Initial amount 2
	
	
endmodule

// Species topModel_HlyIIRpart_module_sub__pBAD
const int topModel_HlyIIRpart_module_sub__pBAD_MAX = MAX_AMOUNT;
module topModel_HlyIIRpart_module_sub__pBAD
	
	topModel_HlyIIRpart_module_sub__pBAD : [0..topModel_HlyIIRpart_module_sub__pBAD_MAX] init 2; // Initial amount 2
	
	
endmodule

// Reaction rates
module reaction_rates

	// PhlF_degradation_interaction: PhlF_protein -> 
	[PhlF_degradation_interaction] (kd*PhlF_protein) > 0 -> (kd*PhlF_protein) : true;
	// YFP_degradation_interaction: YFP_protein -> 
	[YFP_degradation_interaction] (kd*YFP_protein) > 0 -> (kd*YFP_protein) : true;
	// HlyIIR_degradation_interaction: HlyIIR_protein -> 
	[HlyIIR_degradation_interaction] (kd*HlyIIR_protein) > 0 -> (kd*HlyIIR_protein) : true;
	// BetI_degradation_interaction: BetI_protein -> 
	[BetI_degradation_interaction] (kd*BetI_protein) > 0 -> (kd*BetI_protein) : true;
	// AmtR_degradation_interaction: AmtR_protein -> 
	[AmtR_degradation_interaction] (kd*AmtR_protein) > 0 -> (kd*AmtR_protein) : true;
	// topModel_AmtRpart_module_sub__AmtR_protein_interaction_0:  -> AmtR_protein
	[topModel_AmtRpart_module_sub__AmtR_protein_interaction_0] ((topModel_AmtRpart_module_sub__pBAD*((((topModel_AmtRpart_module_sub__kb*topModel_AmtRpart_module_sub__ko_f)/topModel_AmtRpart_module_sub__ko_r)*topModel_AmtRpart_module_sub__nr)+((((topModel_AmtRpart_module_sub__ka*topModel_AmtRpart_module_sub__kao_f)/topModel_AmtRpart_module_sub__kao_r)*topModel_AmtRpart_module_sub__nr)*(func(pow,((topModel_AmtRpart_module_sub__ka_f/topModel_AmtRpart_module_sub__ka_r)*Ara_AraC_protein),topModel_AmtRpart_module_sub__nc)))))/((1+((topModel_AmtRpart_module_sub__ko_f/topModel_AmtRpart_module_sub__ko_r)*topModel_AmtRpart_module_sub__nr))+(((topModel_AmtRpart_module_sub__kao_f/topModel_AmtRpart_module_sub__kao_r)*topModel_AmtRpart_module_sub__nr)*(func(pow,((topModel_AmtRpart_module_sub__ka_f/topModel_AmtRpart_module_sub__ka_r)*Ara_AraC_protein),topModel_AmtRpart_module_sub__nc))))) > 0 -> ((topModel_AmtRpart_module_sub__pBAD*((((topModel_AmtRpart_module_sub__kb*topModel_AmtRpart_module_sub__ko_f)/topModel_AmtRpart_module_sub__ko_r)*topModel_AmtRpart_module_sub__nr)+((((topModel_AmtRpart_module_sub__ka*topModel_AmtRpart_module_sub__kao_f)/topModel_AmtRpart_module_sub__kao_r)*topModel_AmtRpart_module_sub__nr)*(func(pow,((topModel_AmtRpart_module_sub__ka_f/topModel_AmtRpart_module_sub__ka_r)*Ara_AraC_protein),topModel_AmtRpart_module_sub__nc)))))/((1+((topModel_AmtRpart_module_sub__ko_f/topModel_AmtRpart_module_sub__ko_r)*topModel_AmtRpart_module_sub__nr))+(((topModel_AmtRpart_module_sub__kao_f/topModel_AmtRpart_module_sub__kao_r)*topModel_AmtRpart_module_sub__nr)*(func(pow,((topModel_AmtRpart_module_sub__ka_f/topModel_AmtRpart_module_sub__ka_r)*Ara_AraC_protein),topModel_AmtRpart_module_sub__nc))))) : true;
	// topModel_AmtRpart_module_sub__AmtR_protein_interaction_1:  -> AmtR_protein
	[topModel_AmtRpart_module_sub__AmtR_protein_interaction_1] (((((topModel_AmtRpart_module_sub__pHlyIIR*topModel_AmtRpart_module_sub__ko)*topModel_AmtRpart_module_sub__ko_f)/topModel_AmtRpart_module_sub__ko_r)*topModel_AmtRpart_module_sub__nr)/((1+((topModel_AmtRpart_module_sub__ko_f/topModel_AmtRpart_module_sub__ko_r)*topModel_AmtRpart_module_sub__nr))+(func(pow,((topModel_AmtRpart_module_sub__kr_f/topModel_AmtRpart_module_sub__kr_r)*HlyIIR_protein),topModel_AmtRpart_module_sub__nc)))) > 0 -> (((((topModel_AmtRpart_module_sub__pHlyIIR*topModel_AmtRpart_module_sub__ko)*topModel_AmtRpart_module_sub__ko_f)/topModel_AmtRpart_module_sub__ko_r)*topModel_AmtRpart_module_sub__nr)/((1+((topModel_AmtRpart_module_sub__ko_f/topModel_AmtRpart_module_sub__ko_r)*topModel_AmtRpart_module_sub__nr))+(func(pow,((topModel_AmtRpart_module_sub__kr_f/topModel_AmtRpart_module_sub__kr_r)*HlyIIR_protein),topModel_AmtRpart_module_sub__nc)))) : true;
	// topModel_YFPpart_module_sub__YFP_protein_interaction_0:  -> YFP_protein
	[topModel_YFPpart_module_sub__YFP_protein_interaction_0] (((((topModel_YFPpart_module_sub__pPhlF*topModel_YFPpart_module_sub__ko)*topModel_YFPpart_module_sub__ko_f)/topModel_YFPpart_module_sub__ko_r)*topModel_YFPpart_module_sub__nr)/((1+((topModel_YFPpart_module_sub__ko_f/topModel_YFPpart_module_sub__ko_r)*topModel_YFPpart_module_sub__nr))+(func(pow,((topModel_YFPpart_module_sub__kr_f/topModel_YFPpart_module_sub__kr_r)*PhlF_protein),topModel_YFPpart_module_sub__nc)))) > 0 -> (((((topModel_YFPpart_module_sub__pPhlF*topModel_YFPpart_module_sub__ko)*topModel_YFPpart_module_sub__ko_f)/topModel_YFPpart_module_sub__ko_r)*topModel_YFPpart_module_sub__nr)/((1+((topModel_YFPpart_module_sub__ko_f/topModel_YFPpart_module_sub__ko_r)*topModel_YFPpart_module_sub__nr))+(func(pow,((topModel_YFPpart_module_sub__kr_f/topModel_YFPpart_module_sub__kr_r)*PhlF_protein),topModel_YFPpart_module_sub__nc)))) : true;
	// topModel_YFPpart_module_sub__YFP_protein_interaction_1:  -> YFP_protein
	[topModel_YFPpart_module_sub__YFP_protein_interaction_1] (((((topModel_YFPpart_module_sub__pBetI*topModel_YFPpart_module_sub__ko)*topModel_YFPpart_module_sub__ko_f)/topModel_YFPpart_module_sub__ko_r)*topModel_YFPpart_module_sub__nr)/((1+((topModel_YFPpart_module_sub__ko_f/topModel_YFPpart_module_sub__ko_r)*topModel_YFPpart_module_sub__nr))+(func(pow,((topModel_YFPpart_module_sub__kr_f/topModel_YFPpart_module_sub__kr_r)*BetI_protein),topModel_YFPpart_module_sub__nc)))) > 0 -> (((((topModel_YFPpart_module_sub__pBetI*topModel_YFPpart_module_sub__ko)*topModel_YFPpart_module_sub__ko_f)/topModel_YFPpart_module_sub__ko_r)*topModel_YFPpart_module_sub__nr)/((1+((topModel_YFPpart_module_sub__ko_f/topModel_YFPpart_module_sub__ko_r)*topModel_YFPpart_module_sub__nr))+(func(pow,((topModel_YFPpart_module_sub__kr_f/topModel_YFPpart_module_sub__kr_r)*BetI_protein),topModel_YFPpart_module_sub__nc)))) : true;
	// topModel_BetIpart_module_sub__BetI_protein_interaction_0:  -> BetI_protein
	[topModel_BetIpart_module_sub__BetI_protein_interaction_0] (((((topModel_BetIpart_module_sub__pHlyIIR*topModel_BetIpart_module_sub__ko)*topModel_BetIpart_module_sub__ko_f)/topModel_BetIpart_module_sub__ko_r)*topModel_BetIpart_module_sub__nr)/((1+((topModel_BetIpart_module_sub__ko_f/topModel_BetIpart_module_sub__ko_r)*topModel_BetIpart_module_sub__nr))+(func(pow,((topModel_BetIpart_module_sub__kr_f/topModel_BetIpart_module_sub__kr_r)*HlyIIR_protein),topModel_BetIpart_module_sub__nc)))) > 0 -> (((((topModel_BetIpart_module_sub__pHlyIIR*topModel_BetIpart_module_sub__ko)*topModel_BetIpart_module_sub__ko_f)/topModel_BetIpart_module_sub__ko_r)*topModel_BetIpart_module_sub__nr)/((1+((topModel_BetIpart_module_sub__ko_f/topModel_BetIpart_module_sub__ko_r)*topModel_BetIpart_module_sub__nr))+(func(pow,((topModel_BetIpart_module_sub__kr_f/topModel_BetIpart_module_sub__kr_r)*HlyIIR_protein),topModel_BetIpart_module_sub__nc)))) : true;
	// topModel_BetIpart_module_sub__BetI_protein_interaction_1:  -> BetI_protein
	[topModel_BetIpart_module_sub__BetI_protein_interaction_1] (((((topModel_BetIpart_module_sub__pTet*topModel_BetIpart_module_sub__ko)*topModel_BetIpart_module_sub__ko_f)/topModel_BetIpart_module_sub__ko_r)*topModel_BetIpart_module_sub__nr)/((1+((topModel_BetIpart_module_sub__ko_f/topModel_BetIpart_module_sub__ko_r)*topModel_BetIpart_module_sub__nr))+(func(pow,((topModel_BetIpart_module_sub__kr_f/topModel_BetIpart_module_sub__kr_r)*TetR_protein),topModel_BetIpart_module_sub__nc)))) > 0 -> (((((topModel_BetIpart_module_sub__pTet*topModel_BetIpart_module_sub__ko)*topModel_BetIpart_module_sub__ko_f)/topModel_BetIpart_module_sub__ko_r)*topModel_BetIpart_module_sub__nr)/((1+((topModel_BetIpart_module_sub__ko_f/topModel_BetIpart_module_sub__ko_r)*topModel_BetIpart_module_sub__nr))+(func(pow,((topModel_BetIpart_module_sub__kr_f/topModel_BetIpart_module_sub__kr_r)*TetR_protein),topModel_BetIpart_module_sub__nc)))) : true;
	// topModel_PhlFpart_module_sub__PhlF_protein_interaction_0:  -> PhlF_protein
	[topModel_PhlFpart_module_sub__PhlF_protein_interaction_0] (((((topModel_PhlFpart_module_sub__pTac*topModel_PhlFpart_module_sub__ko)*topModel_PhlFpart_module_sub__ko_f)/topModel_PhlFpart_module_sub__ko_r)*topModel_PhlFpart_module_sub__nr)/((1+((topModel_PhlFpart_module_sub__ko_f/topModel_PhlFpart_module_sub__ko_r)*topModel_PhlFpart_module_sub__nr))+(func(pow,((topModel_PhlFpart_module_sub__kr_f/topModel_PhlFpart_module_sub__kr_r)*LacI_protein),topModel_PhlFpart_module_sub__nc)))) > 0 -> (((((topModel_PhlFpart_module_sub__pTac*topModel_PhlFpart_module_sub__ko)*topModel_PhlFpart_module_sub__ko_f)/topModel_PhlFpart_module_sub__ko_r)*topModel_PhlFpart_module_sub__nr)/((1+((topModel_PhlFpart_module_sub__ko_f/topModel_PhlFpart_module_sub__ko_r)*topModel_PhlFpart_module_sub__nr))+(func(pow,((topModel_PhlFpart_module_sub__kr_f/topModel_PhlFpart_module_sub__kr_r)*LacI_protein),topModel_PhlFpart_module_sub__nc)))) : true;
	// topModel_PhlFpart_module_sub__PhlF_protein_interaction_1:  -> PhlF_protein
	[topModel_PhlFpart_module_sub__PhlF_protein_interaction_1] (((((topModel_PhlFpart_module_sub__pAmtR*topModel_PhlFpart_module_sub__ko)*topModel_PhlFpart_module_sub__ko_f)/topModel_PhlFpart_module_sub__ko_r)*topModel_PhlFpart_module_sub__nr)/((1+((topModel_PhlFpart_module_sub__ko_f/topModel_PhlFpart_module_sub__ko_r)*topModel_PhlFpart_module_sub__nr))+(func(pow,((topModel_PhlFpart_module_sub__kr_f/topModel_PhlFpart_module_sub__kr_r)*AmtR_protein),topModel_PhlFpart_module_sub__nc)))) > 0 -> (((((topModel_PhlFpart_module_sub__pAmtR*topModel_PhlFpart_module_sub__ko)*topModel_PhlFpart_module_sub__ko_f)/topModel_PhlFpart_module_sub__ko_r)*topModel_PhlFpart_module_sub__nr)/((1+((topModel_PhlFpart_module_sub__ko_f/topModel_PhlFpart_module_sub__ko_r)*topModel_PhlFpart_module_sub__nr))+(func(pow,((topModel_PhlFpart_module_sub__kr_f/topModel_PhlFpart_module_sub__kr_r)*AmtR_protein),topModel_PhlFpart_module_sub__nc)))) : true;
	// topModel_HlyIIRpart_module_sub__HlyIIR_protein_interaction_0:  -> HlyIIR_protein
	[topModel_HlyIIRpart_module_sub__HlyIIR_protein_interaction_0] ((topModel_HlyIIRpart_module_sub__pTet*((((topModel_HlyIIRpart_module_sub__kb*topModel_HlyIIRpart_module_sub__ko_f)/topModel_HlyIIRpart_module_sub__ko_r)*topModel_HlyIIRpart_module_sub__nr)+((((topModel_HlyIIRpart_module_sub__ka*topModel_HlyIIRpart_module_sub__kao_f)/topModel_HlyIIRpart_module_sub__kao_r)*topModel_HlyIIRpart_module_sub__nr)*(func(pow,((topModel_HlyIIRpart_module_sub__ka_f/topModel_HlyIIRpart_module_sub__ka_r)*Ara_AraC_protein),topModel_HlyIIRpart_module_sub__nc)))))/((1+((topModel_HlyIIRpart_module_sub__ko_f/topModel_HlyIIRpart_module_sub__ko_r)*topModel_HlyIIRpart_module_sub__nr))+(((topModel_HlyIIRpart_module_sub__kao_f/topModel_HlyIIRpart_module_sub__kao_r)*topModel_HlyIIRpart_module_sub__nr)*(func(pow,((topModel_HlyIIRpart_module_sub__ka_f/topModel_HlyIIRpart_module_sub__ka_r)*Ara_AraC_protein),topModel_HlyIIRpart_module_sub__nc))))) > 0 -> ((topModel_HlyIIRpart_module_sub__pTet*((((topModel_HlyIIRpart_module_sub__kb*topModel_HlyIIRpart_module_sub__ko_f)/topModel_HlyIIRpart_module_sub__ko_r)*topModel_HlyIIRpart_module_sub__nr)+((((topModel_HlyIIRpart_module_sub__ka*topModel_HlyIIRpart_module_sub__kao_f)/topModel_HlyIIRpart_module_sub__kao_r)*topModel_HlyIIRpart_module_sub__nr)*(func(pow,((topModel_HlyIIRpart_module_sub__ka_f/topModel_HlyIIRpart_module_sub__ka_r)*Ara_AraC_protein),topModel_HlyIIRpart_module_sub__nc)))))/((1+((topModel_HlyIIRpart_module_sub__ko_f/topModel_HlyIIRpart_module_sub__ko_r)*topModel_HlyIIRpart_module_sub__nr))+(((topModel_HlyIIRpart_module_sub__kao_f/topModel_HlyIIRpart_module_sub__kao_r)*topModel_HlyIIRpart_module_sub__nr)*(func(pow,((topModel_HlyIIRpart_module_sub__ka_f/topModel_HlyIIRpart_module_sub__ka_r)*Ara_AraC_protein),topModel_HlyIIRpart_module_sub__nc))))) : true;
	// topModel_HlyIIRpart_module_sub__HlyIIR_protein_interaction_1:  -> HlyIIR_protein
	[topModel_HlyIIRpart_module_sub__HlyIIR_protein_interaction_1] (((((topModel_HlyIIRpart_module_sub__pBAD*topModel_HlyIIRpart_module_sub__ko)*topModel_HlyIIRpart_module_sub__ko_f)/topModel_HlyIIRpart_module_sub__ko_r)*topModel_HlyIIRpart_module_sub__nr)/((1+((topModel_HlyIIRpart_module_sub__ko_f/topModel_HlyIIRpart_module_sub__ko_r)*topModel_HlyIIRpart_module_sub__nr))+(func(pow,((topModel_HlyIIRpart_module_sub__kr_f/topModel_HlyIIRpart_module_sub__kr_r)*TetR_protein),topModel_HlyIIRpart_module_sub__nc)))) > 0 -> (((((topModel_HlyIIRpart_module_sub__pBAD*topModel_HlyIIRpart_module_sub__ko)*topModel_HlyIIRpart_module_sub__ko_f)/topModel_HlyIIRpart_module_sub__ko_r)*topModel_HlyIIRpart_module_sub__nr)/((1+((topModel_HlyIIRpart_module_sub__ko_f/topModel_HlyIIRpart_module_sub__ko_r)*topModel_HlyIIRpart_module_sub__nr))+(func(pow,((topModel_HlyIIRpart_module_sub__kr_f/topModel_HlyIIRpart_module_sub__kr_r)*TetR_protein),topModel_HlyIIRpart_module_sub__nc)))) : true;

endmodule

// Reward structures (one per species)

// Reward 1: AmtR_protein
rewards "AmtR_protein" true : AmtR_protein; endrewards
// Reward 5: BetI_protein
rewards "BetI_protein" true : BetI_protein; endrewards
// Reward 6: HlyIIR_protein
rewards "HlyIIR_protein" true : HlyIIR_protein; endrewards
// Reward 7: PhlF_protein
rewards "PhlF_protein" true : PhlF_protein; endrewards
// Reward 8: YFP_protein
rewards "YFP_protein" true : YFP_protein; endrewards
// Reward 9: topModel_AmtRpart_module_sub__pBAD
rewards "topModel_AmtRpart_module_sub__pBAD" true : topModel_AmtRpart_module_sub__pBAD; endrewards
// Reward 10: topModel_AmtRpart_module_sub__pHlyIIR
rewards "topModel_AmtRpart_module_sub__pHlyIIR" true : topModel_AmtRpart_module_sub__pHlyIIR; endrewards
// Reward 11: topModel_YFPpart_module_sub__pPhlF
rewards "topModel_YFPpart_module_sub__pPhlF" true : topModel_YFPpart_module_sub__pPhlF; endrewards
// Reward 12: topModel_YFPpart_module_sub__pBetI
rewards "topModel_YFPpart_module_sub__pBetI" true : topModel_YFPpart_module_sub__pBetI; endrewards
// Reward 13: topModel_BetIpart_module_sub__pHlyIIR
rewards "topModel_BetIpart_module_sub__pHlyIIR" true : topModel_BetIpart_module_sub__pHlyIIR; endrewards
// Reward 14: topModel_BetIpart_module_sub__pTet
rewards "topModel_BetIpart_module_sub__pTet" true : topModel_BetIpart_module_sub__pTet; endrewards
// Reward 15: topModel_PhlFpart_module_sub__pTac
rewards "topModel_PhlFpart_module_sub__pTac" true : topModel_PhlFpart_module_sub__pTac; endrewards
// Reward 16: topModel_PhlFpart_module_sub__pAmtR
rewards "topModel_PhlFpart_module_sub__pAmtR" true : topModel_PhlFpart_module_sub__pAmtR; endrewards
// Reward 17: topModel_HlyIIRpart_module_sub__pTet
rewards "topModel_HlyIIRpart_module_sub__pTet" true : topModel_HlyIIRpart_module_sub__pTet; endrewards
// Reward 18: topModel_HlyIIRpart_module_sub__pBAD
rewards "topModel_HlyIIRpart_module_sub__pBAD" true : topModel_HlyIIRpart_module_sub__pBAD; endrewards
lukas@Lukas-MacBook Glitch Zero % ls
Circuit0x8E_010to100.xml	Circuit0x8E_100to111.xml
Circuit0x8E_010to111.xml	Circuit0x8E_111to010.xml
Circuit0x8E_100to010.xml	Circuit0x8E_111to100.xml
lukas@Lukas-MacBook Glitch Zero % clc
zsh: command not found: clc
lukas@Lukas-MacBook Glitch Zero % clear

lukas@Lukas-MacBook Glitch Zero % ls
Circuit0x8E_010to100.xml	Circuit0x8E_100to111.xml
Circuit0x8E_010to111.xml	Circuit0x8E_111to010.xml
Circuit0x8E_100to010.xml	Circuit0x8E_111to100.xml
lukas@Lukas-MacBook Glitch Zero % sbml2prism Circuit0x8E_010to100.xml Circuit0x8E_010to100.sm
Error: Invalid max amount "Circuit0x8E_010to100.sm".
lukas@Lukas-MacBook Glitch Zero % sbml2prism Circuit0x8E_010to100.xml test.sm                
Error: Invalid max amount "test.sm".
lukas@Lukas-MacBook Glitch Zero % sbml2prism Circuit0x8E_010to100.                           
Error: File "Circuit0x8E_010to100." not found.
lukas@Lukas-MacBook Glitch Zero % clear


























lukas@Lukas-MacBook Glitch Zero % ls
Circuit0x8E_010to100.xml	Circuit0x8E_100to010.xml	Circuit0x8E_111to010.xml
Circuit0x8E_010to111.xml	Circuit0x8E_100to111.xml	Circuit0x8E_111to100.xml
lukas@Lukas-MacBook Glitch Zero % sbml2prism Circuit0x8E_010to100.xml > Circuit0x8E_010to100.sm
lukas@Lukas-MacBook Glitch Zero % sbml2prism Circuit0x8E_010to111.xml > Circuit0x8E_010to111.sm
lukas@Lukas-MacBook Glitch Zero % sbml2prism Circuit0x8E_100to010.xml > Circuit0x8E_100to010.sm
lukas@Lukas-MacBook Glitch Zero % sbml2prism Circuit0x8E_100to111.xml > Circuit0x8E_100to111.sm
lukas@Lukas-MacBook Glitch Zero % sbml2prism Circuit0x8E_111to010.xml > Circuit0x8E_111to010.sm
lukas@Lukas-MacBook Glitch Zero % sbml2prism Circuit0x8E_111to100.xml > Circuit0x8E_111to100.sm
lukas@Lukas-MacBook Glitch Zero % ls
Circuit0x8E_010to100.sm		Circuit0x8E_010to111.xml	Circuit0x8E_100to111.sm		Circuit0x8E_111to010.xml
Circuit0x8E_010to100.xml	Circuit0x8E_100to010.sm		Circuit0x8E_100to111.xml	Circuit0x8E_111to100.sm
Circuit0x8E_010to111.sm		Circuit0x8E_100to010.xml	Circuit0x8E_111to010.sm		Circuit0x8E_111to100.xml
lukas@Lukas-MacBook Glitch Zero % stamina Circuit0x8E_010to100.sm
STAMINA
=====
Version: 1.1

PRISM
=====

Version: 4.5
Date: Mon Sep 14 18:27:14 MDT 2020
Hostname: Lukas-MacBook.local
Memory limits: cudd=1g, java(heap)=2g
Error: Undeclared identifier ("Ara_AraC_protein", line 271, column 476)
lukas@Lukas-MacBook Glitch Zero % stamina Circuit0x8E_010to100.sm
STAMINA
=====
Version: 1.1

PRISM
=====

Version: 4.5
Date: Mon Sep 14 18:30:53 MDT 2020
Hostname: Lukas-MacBook.local
Memory limits: cudd=1g, java(heap)=2g
Exception in thread "main" java.lang.NullPointerException
	at java.base/java.io.File.<init>(File.java:276)
	at stamina.StaminaCL.parseModelProperties(StaminaCL.java:412)
	at stamina.StaminaCL.run(StaminaCL.java:112)
	at stamina.StaminaCL.main(StaminaCL.java:94)
lukas@Lukas-MacBook Glitch Zero % stamina Circuit0x8E_010to100.sm
STAMINA
=====
Version: 1.1

PRISM
=====

Version: 4.5
Date: Mon Sep 14 18:31:17 MDT 2020
Hostname: Lukas-MacBook.local
Memory limits: cudd=1g, java(heap)=2g
Exception in thread "main" java.lang.NullPointerException
	at java.base/java.io.File.<init>(File.java:276)
	at stamina.StaminaCL.parseModelProperties(StaminaCL.java:412)
	at stamina.StaminaCL.run(StaminaCL.java:112)
	at stamina.StaminaCL.main(StaminaCL.java:94)
lukas@Lukas-MacBook Glitch Zero % stamina Circuit0x8E_010to100.sm
STAMINA
=====
Version: 1.1

PRISM
=====

Version: 4.5
Date: Mon Sep 14 18:32:13 MDT 2020
Hostname: Lukas-MacBook.local
Memory limits: cudd=1g, java(heap)=2g
Exception in thread "main" java.lang.NullPointerException
	at java.base/java.io.File.<init>(File.java:276)
	at stamina.StaminaCL.parseModelProperties(StaminaCL.java:412)
	at stamina.StaminaCL.run(StaminaCL.java:112)
	at stamina.StaminaCL.main(StaminaCL.java:94)
lukas@Lukas-MacBook Glitch Zero % prism Circuit0x8E_010to100.sm
PRISM
=====

Version: 4.5
Date: Mon Sep 14 18:32:28 MDT 2020
Hostname: Lukas-MacBook.local
Memory limits: cudd=1g, java(heap)=1g
Command line: prism Circuit0x8E_010to100.sm

Parsing model file "Circuit0x8E_010to100.sm"...

Type:        CTMC
Modules:     AmtR_protein BetI_protein HlyIIR_protein PhlF_protein YFP_protein topModel_AmtRpart_module_sub__pBAD topModel_AmtRpart_module_sub__pHlyIIR topModel_YFPpart_module_sub__pPhlF topModel_YFPpart_module_sub__pBetI topModel_BetIpart_module_sub__pHlyIIR topModel_BetIpart_module_sub__pTet topModel_PhlFpart_module_sub__pTac topModel_PhlFpart_module_sub__pAmtR topModel_HlyIIRpart_module_sub__pTet topModel_HlyIIRpart_module_sub__pBAD reaction_rates 
Variables:   AmtR_protein BetI_protein HlyIIR_protein PhlF_protein YFP_protein topModel_AmtRpart_module_sub__pBAD topModel_AmtRpart_module_sub__pHlyIIR topModel_YFPpart_module_sub__pPhlF topModel_YFPpart_module_sub__pBetI topModel_BetIpart_module_sub__pHlyIIR topModel_BetIpart_module_sub__pTet topModel_PhlFpart_module_sub__pTac topModel_PhlFpart_module_sub__pAmtR topModel_HlyIIRpart_module_sub__pTet topModel_HlyIIRpart_module_sub__pBAD 

---------------------------------------------------------------------

Building model...

CUDD internal error detected, from the following stack trace:
  jdd.JDD.ptrToNode(JDD.java:1718)
  jdd.JDD.Apply(JDD.java:546)
  prism.Modules2MTBDD.translateSystemDefn(Modules2MTBDD.java:780)
  prism.Modules2MTBDD.translateModules(Modules2MTBDD.java:666)
  prism.Modules2MTBDD.translate(Modules2MTBDD.java:204)
  prism.Prism.doBuildModel(Prism.java:2009)
  prism.Prism.buildModel(Prism.java:1966)
  prism.PrismCL.run(PrismCL.java:474)
  prism.PrismCL.go(PrismCL.java:212)
  prism.PrismCL.main(PrismCL.java:2592)

Error: Out of memory (or other internal error) in the CUDD library.
Tip: Try using the -cuddmaxmem switch to increase the memory available to CUDD.
lukas@Lukas-MacBook Glitch Zero % stamina Circuit0x8E_010to100.sm
STAMINA
=====
Version: 1.1

PRISM
=====

Version: 4.5
Date: Mon Sep 14 18:33:05 MDT 2020
Hostname: Lukas-MacBook.local
Memory limits: cudd=1g, java(heap)=2g
Exception in thread "main" java.lang.NullPointerException
	at java.base/java.io.File.<init>(File.java:276)
	at stamina.StaminaCL.parseModelProperties(StaminaCL.java:412)
	at stamina.StaminaCL.run(StaminaCL.java:112)
	at stamina.StaminaCL.main(StaminaCL.java:94)
lukas@Lukas-MacBook Glitch Zero % stamina Circuit0x8E_010to100.sm
STAMINA
=====
Version: 1.1

PRISM
=====

Version: 4.5
Date: Mon Sep 14 18:33:25 MDT 2020
Hostname: Lukas-MacBook.local
Memory limits: cudd=1g, java(heap)=2g
Error: Undeclared identifier ("Ara_AraC_protein", line 279, column 476)
lukas@Lukas-MacBook Glitch Zero % stamina Circuit0x8E_010to100.sm
STAMINA
=====
Version: 1.1

PRISM
=====

Version: 4.5
Date: Mon Sep 14 18:33:35 MDT 2020
Hostname: Lukas-MacBook.local
Memory limits: cudd=1g, java(heap)=2g
Error: Undeclared identifier ("TetR_protein", line 289, column 443)
lukas@Lukas-MacBook Glitch Zero % stamina Circuit0x8E_010to100.sm                            
STAMINA
=====
Version: 1.1

PRISM
=====

Version: 4.5
Date: Mon Sep 14 18:34:00 MDT 2020
Hostname: Lukas-MacBook.local
Memory limits: cudd=1g, java(heap)=2g
Error: Undeclared identifier ("LacI_protein", line 291, column 443)
lukas@Lukas-MacBook Glitch Zero % stamina Circuit0x8E_010to100.sm
STAMINA
=====
Version: 1.1

PRISM
=====

Version: 4.5
Date: Mon Sep 14 18:34:09 MDT 2020
Hostname: Lukas-MacBook.local
Memory limits: cudd=1g, java(heap)=2g
Exception in thread "main" java.lang.NullPointerException
	at java.base/java.io.File.<init>(File.java:276)
	at stamina.StaminaCL.parseModelProperties(StaminaCL.java:412)
	at stamina.StaminaCL.run(StaminaCL.java:112)
	at stamina.StaminaCL.main(StaminaCL.java:94)
lukas@Lukas-MacBook Glitch Zero % nano pro.csl 
lukas@Lukas-MacBook Glitch Zero % stamina Circuit0x8E_010to100.sm pro.csl 
STAMINA
=====
Version: 1.1

PRISM
=====

Version: 4.5
Date: Mon Sep 14 18:34:58 MDT 2020
Hostname: Lukas-MacBook.local
Memory limits: cudd=1g, java(heap)=2g

Type:        CTMC
Modules:     AmtR_protein BetI_protein HlyIIR_protein PhlF_protein YFP_protein topModel_AmtRpart_module_sub__pBAD topModel_AmtRpart_module_sub__pHlyIIR topModel_YFPpart_module_sub__pPhlF topModel_YFPpart_module_sub__pBetI topModel_BetIpart_module_sub__pHlyIIR topModel_BetIpart_module_sub__pTet topModel_PhlFpart_module_sub__pTac topModel_PhlFpart_module_sub__pAmtR topModel_HlyIIRpart_module_sub__pTet topModel_HlyIIRpart_module_sub__pBAD reaction_rates 
Variables:   AmtR_protein BetI_protein HlyIIR_protein PhlF_protein YFP_protein topModel_AmtRpart_module_sub__pBAD topModel_AmtRpart_module_sub__pHlyIIR topModel_YFPpart_module_sub__pPhlF topModel_YFPpart_module_sub__pBetI topModel_BetIpart_module_sub__pHlyIIR topModel_BetIpart_module_sub__pTet topModel_PhlFpart_module_sub__pTac topModel_PhlFpart_module_sub__pAmtR topModel_HlyIIRpart_module_sub__pTet topModel_HlyIIRpart_module_sub__pBAD 

Generator:   stamina.InfCTMCModelGenerator
Type:        CTMC

========================================================================
Approximation<1> : kappa = 1.0E-6
========================================================================

---------------------------------------------------------------------

Building model...

Computing reachable states... 7 3404 states
 3404 states
Reachable states exploration and model construction done in 1.677 secs.
Sorting reachable states list...

Time for model construction: 1.728 seconds.

Type:        CTMC
States:      3404 (1 initial)
Transitions: 25498

---------------------------------------------------------------------

Verifying Prob .....

Starting transient probability computation...

Uniformisation: q.t = 1.02 x 1000.0 = 1020.0
Fox-Glynn (1.25E-7): left = 794, right = 1293
Transient probability computation took 1294 iters and 1.22 seconds.

Time for model checking: 1.222 seconds.

Result: 0.24598676517609422 (minimum bound)

Result: 0.9998555933941983 (maximum bound)

========================================================================
Approximation<2> : kappa = 9.999999999999999E-10
========================================================================

---------------------------------------------------------------------

Building model...

Computing reachable states... 5 9060 states
 9060 states
Reachable states exploration and model construction done in 1.873 secs.
Sorting reachable states list...

Time for model construction: 1.939 seconds.

Type:        CTMC
States:      9060 (1 initial)
Transitions: 67725

---------------------------------------------------------------------

Verifying Prob .....

Starting transient probability computation...

Uniformisation: q.t = 1.02 x 1000.0 = 1020.0
Fox-Glynn (1.25E-7): left = 794, right = 1293
Transient probability computation took 1294 iters and 3.459 seconds.

Time for model checking: 3.46 seconds.

Result: 0.37970641668962607 (minimum bound)

Result: 0.9935155109643137 (maximum bound)

========================================================================
Approximation<3> : kappa = 9.999999999999998E-13
========================================================================

---------------------------------------------------------------------

Building model...

Computing reachable states... 4 15638 states
 15638 states
Reachable states exploration and model construction done in 2.054 secs.
Sorting reachable states list...

Time for model construction: 2.083 seconds.

Type:        CTMC
States:      15638 (1 initial)
Transitions: 114970

---------------------------------------------------------------------

Verifying Prob .....

Starting transient probability computation...

Uniformisation: q.t = 1.02 x 1000.0 = 1020.0
Fox-Glynn (1.25E-7): left = 794, right = 1293
Transient probability computation took 1294 iters and 5.155 seconds.

Time for model checking: 5.157 seconds.

Result: 0.38988049092308485 (minimum bound)

Result: 0.9092949381938067 (maximum bound)

========================================================================
Approximation<4> : kappa = 9.999999999999997E-16
========================================================================

---------------------------------------------------------------------

Building model...

Computing reachable states... 2 21406 states
 21406 states
Reachable states exploration and model construction done in 1.692 secs.
Sorting reachable states list...

Time for model construction: 1.784 seconds.

Type:        CTMC
States:      21406 (1 initial)
Transitions: 155902

---------------------------------------------------------------------

Verifying Prob .....

Starting transient probability computation...

Uniformisation: q.t = 1.02 x 1000.0 = 1020.0
Fox-Glynn (1.25E-7): left = 794, right = 1293
Transient probability computation took 1294 iters and 6.842 seconds.

Time for model checking: 6.844 seconds.

Result: 0.3924551840379787 (minimum bound)

Result: 0.7688719818214332 (maximum bound)

========================================================================
Approximation<5> : kappa = 9.999999999999997E-19
========================================================================

---------------------------------------------------------------------

Building model...

Computing reachable states... 2 26810 states
 26810 states
Reachable states exploration and model construction done in 2.31 secs.
Sorting reachable states list...

Time for model construction: 2.342 seconds.

Type:        CTMC
States:      26810 (1 initial)
Transitions: 194095

---------------------------------------------------------------------

Verifying Prob .....

Starting transient probability computation...

Uniformisation: q.t = 1.02 x 1000.0 = 1020.0
Fox-Glynn (1.25E-7): left = 794, right = 1293
Transient probability computation took 1294 iters and 8.156 seconds.

Time for model checking: 8.158 seconds.

Result: 0.3946177654905989 (minimum bound)

Result: 0.5258556284336936 (maximum bound)

========================================================================
Approximation<6> : kappa = 9.999999999999997E-22
========================================================================

---------------------------------------------------------------------

Building model...

Computing reachable states... 2 31815 states
 31815 states
Reachable states exploration and model construction done in 2.729 secs.
Sorting reachable states list...

Time for model construction: 2.77 seconds.

Type:        CTMC
States:      31815 (1 initial)
Transitions: 229141

---------------------------------------------------------------------

Verifying Prob .....

Starting transient probability computation...

Uniformisation: q.t = 1.02 x 1000.0 = 1020.0
Fox-Glynn (1.25E-7): left = 794, right = 1293
Transient probability computation took 1294 iters and 9.321 seconds.

Time for model checking: 9.323 seconds.

Result: 0.39570489539911696 (minimum bound)

Result: 0.4028714381185811 (maximum bound)

========================================================================
Approximation<7> : kappa = 9.999999999999997E-25
========================================================================

---------------------------------------------------------------------

Building model...

Computing reachable states... 2 36207 states
 29560 36207 states
Reachable states exploration and model construction done in 3.262 secs.
Sorting reachable states list...

Time for model construction: 3.293 seconds.

Type:        CTMC
States:      36207 (1 initial)
Transitions: 259534

---------------------------------------------------------------------

Verifying Prob .....

Starting transient probability computation...

Uniformisation: q.t = 1.02 x 1000.0 = 1020.0
Fox-Glynn (1.25E-7): left = 794, right = 1293
Transient probability computation took 1294 iters and 10.166 seconds.

Time for model checking: 10.168 seconds.

Result: 0.3961369495071637 (minimum bound)

Result: 0.39692783547828436 (maximum bound)

========================================================================

Property: P=? [ true U[0,1000] (YFP_protein>=30) ]

ProbMin: 0.3961369495071637 (minimum bound)

ProbMax: 0.39692783547828436 (maximum bound)

========================================================================
lukas@Lukas-MacBook Glitch Zero % clear

lukas@Lukas-MacBook Glitch Zero % stamina Circuit0x8E_010to111.sm pro.csl
STAMINA
=====
Version: 1.1

PRISM
=====

Version: 4.5
Date: Mon Sep 14 18:43:41 MDT 2020
Hostname: Lukas-MacBook.local
Memory limits: cudd=1g, java(heap)=2g

Type:        CTMC
Modules:     AmtR_protein BetI_protein HlyIIR_protein PhlF_protein YFP_protein topModel_AmtRpart_module_sub__pBAD topModel_AmtRpart_module_sub__pHlyIIR topModel_YFPpart_module_sub__pPhlF topModel_YFPpart_module_sub__pBetI topModel_BetIpart_module_sub__pHlyIIR topModel_BetIpart_module_sub__pTet topModel_PhlFpart_module_sub__pTac topModel_PhlFpart_module_sub__pAmtR topModel_HlyIIRpart_module_sub__pTet topModel_HlyIIRpart_module_sub__pBAD reaction_rates 
Variables:   AmtR_protein BetI_protein HlyIIR_protein PhlF_protein YFP_protein topModel_AmtRpart_module_sub__pBAD topModel_AmtRpart_module_sub__pHlyIIR topModel_YFPpart_module_sub__pPhlF topModel_YFPpart_module_sub__pBetI topModel_BetIpart_module_sub__pHlyIIR topModel_BetIpart_module_sub__pTet topModel_PhlFpart_module_sub__pTac topModel_PhlFpart_module_sub__pAmtR topModel_HlyIIRpart_module_sub__pTet topModel_HlyIIRpart_module_sub__pBAD 

Generator:   stamina.InfCTMCModelGenerator
Type:        CTMC

========================================================================
Approximation<1> : kappa = 1.0E-6
========================================================================

---------------------------------------------------------------------

Building model...

Computing reachable states... 2 1185 states
 1185 states
Reachable states exploration and model construction done in 0.403 secs.
Sorting reachable states list...

Time for model construction: 0.442 seconds.

Type:        CTMC
States:      1185 (1 initial)
Transitions: 8129

---------------------------------------------------------------------

Verifying Prob .....

Starting transient probability computation...

Uniformisation: q.t = 1.02 x 1000.0 = 1020.0
Fox-Glynn (1.25E-7): left = 794, right = 1293
Transient probability computation took 1294 iters and 1.032 seconds.

Time for model checking: 1.033 seconds.

Result: 0.0 (minimum bound)

Result: 0.9999999999998185 (maximum bound)

========================================================================
Approximation<2> : kappa = 9.999999999999999E-10
========================================================================

---------------------------------------------------------------------

Building model...

Computing reachable states... 2 2372 states
 2372 states
Reachable states exploration and model construction done in 0.444 secs.
Sorting reachable states list...

Time for model construction: 0.451 seconds.

Type:        CTMC
States:      2372 (1 initial)
Transitions: 17205

---------------------------------------------------------------------

Verifying Prob .....

Starting transient probability computation...

Uniformisation: q.t = 1.02 x 1000.0 = 1020.0
Fox-Glynn (1.25E-7): left = 794, right = 1293
Transient probability computation took 1294 iters and 1.099 seconds.

Time for model checking: 1.099 seconds.

Result: 0.0 (minimum bound)

Result: 0.9999999999996688 (maximum bound)

========================================================================
Approximation<3> : kappa = 9.999999999999998E-13
========================================================================

---------------------------------------------------------------------

Building model...

Computing reachable states... 2 4130 states
 4130 states
Reachable states exploration and model construction done in 0.521 secs.
Sorting reachable states list...

Time for model construction: 0.535 seconds.

Type:        CTMC
States:      4130 (1 initial)
Transitions: 30897

---------------------------------------------------------------------

Verifying Prob .....

Starting transient probability computation...

Uniformisation: q.t = 1.02 x 1000.0 = 1020.0
Fox-Glynn (1.25E-7): left = 794, right = 1293
Transient probability computation took 1294 iters and 2.08 seconds.

Time for model checking: 2.081 seconds.

Result: 2.0589103186853502E-10 (minimum bound)

Result: 0.9999999999993716 (maximum bound)

========================================================================
Approximation<4> : kappa = 9.999999999999997E-16
========================================================================

---------------------------------------------------------------------

Building model...

Computing reachable states... 2 6670 states
 6670 states
Reachable states exploration and model construction done in 0.608 secs.
Sorting reachable states list...

Time for model construction: 0.627 seconds.

Type:        CTMC
States:      6670 (1 initial)
Transitions: 50544

---------------------------------------------------------------------

Verifying Prob .....

Starting transient probability computation...

Uniformisation: q.t = 1.02 x 1000.0 = 1020.0
Fox-Glynn (1.25E-7): left = 794, right = 1293
Transient probability computation took 1294 iters and 3.415 seconds.

Time for model checking: 3.417 seconds.

Result: 8.281414499043041E-10 (minimum bound)

Result: 0.9999999999990928 (maximum bound)

========================================================================
Approximation<5> : kappa = 9.999999999999997E-19
========================================================================

---------------------------------------------------------------------

Building model...

Computing reachable states... 2 9620 states
 9620 states
Reachable states exploration and model construction done in 0.937 secs.
Sorting reachable states list...

Time for model construction: 0.96 seconds.

Type:        CTMC
States:      9620 (1 initial)
Transitions: 72898

---------------------------------------------------------------------

Verifying Prob .....

Starting transient probability computation...

Uniformisation: q.t = 1.02 x 1000.0 = 1020.0
Fox-Glynn (1.25E-7): left = 794, right = 1293
Transient probability computation took 1294 iters and 5.077 seconds.

Time for model checking: 5.079 seconds.

Result: 3.2841417504886813E-9 (minimum bound)

Result: 0.9999999999988618 (maximum bound)

========================================================================
Approximation<6> : kappa = 9.999999999999997E-22
========================================================================

---------------------------------------------------------------------

Building model...

Computing reachable states... 2 13269 states
 13269 states
Reachable states exploration and model construction done in 1.118 secs.
Sorting reachable states list...

Time for model construction: 1.143 seconds.

Type:        CTMC
States:      13269 (1 initial)
Transitions: 100069

---------------------------------------------------------------------

Verifying Prob .....

Starting transient probability computation...

Uniformisation: q.t = 1.02 x 1000.0 = 1020.0
Fox-Glynn (1.25E-7): left = 794, right = 1293
Transient probability computation took 1294 iters and 7.107 seconds.

Time for model checking: 7.109 seconds.

Result: 1.3753462783925701E-8 (minimum bound)

Result: 0.999999999998636 (maximum bound)

========================================================================
Approximation<7> : kappa = 9.999999999999997E-25
========================================================================

---------------------------------------------------------------------

Building model...

Computing reachable states... 3 17124 states
 17124 states
Reachable states exploration and model construction done in 1.733 secs.
Sorting reachable states list...

Time for model construction: 1.755 seconds.

Type:        CTMC
States:      17124 (1 initial)
Transitions: 128467

---------------------------------------------------------------------

Verifying Prob .....

Starting transient probability computation...

Uniformisation: q.t = 1.02 x 1000.0 = 1020.0
Fox-Glynn (1.25E-7): left = 794, right = 1293
Transient probability computation took 1294 iters and 9.094 seconds.

Time for model checking: 9.095 seconds.

Result: 2.1835271028256358E-8 (minimum bound)

Result: 0.9999999999983619 (maximum bound)

========================================================================
Approximation<8> : kappa = 9.999999999999997E-28
========================================================================

---------------------------------------------------------------------

Building model...

Computing reachable states... 3 21669 states
 21669 states
Reachable states exploration and model construction done in 2.194 secs.
Sorting reachable states list...

Time for model construction: 2.219 seconds.

Type:        CTMC
States:      21669 (1 initial)
Transitions: 161395

---------------------------------------------------------------------

Verifying Prob .....

Starting transient probability computation...

Uniformisation: q.t = 1.02 x 1000.0 = 1020.0
Fox-Glynn (1.25E-7): left = 794, right = 1293
Transient probability computation took 1294 iters and 11.091 seconds.

Time for model checking: 11.094 seconds.

Result: 7.6302996963283E-8 (minimum bound)

Result: 0.9999999999981992 (maximum bound)

========================================================================
Approximation<9> : kappa = 9.999999999999997E-31
========================================================================

---------------------------------------------------------------------

Building model...

Computing reachable states... 3 26605 states
 26605 states
Reachable states exploration and model construction done in 2.804 secs.
Sorting reachable states list...

Time for model construction: 2.83 seconds.

Type:        CTMC
States:      26605 (1 initial)
Transitions: 197743

---------------------------------------------------------------------

Verifying Prob .....

Starting transient probability computation...

Uniformisation: q.t = 1.02 x 1000.0 = 1020.0
Fox-Glynn (1.25E-7): left = 794, right = 1293
Transient probability computation took 1294 iters and 13.375 seconds.

Time for model checking: 13.376 seconds.

Result: 9.682727167247775E-8 (minimum bound)

Result: 0.9999999999979178 (maximum bound)

========================================================================
Approximation<10> : kappa = 9.999999999999997E-34
========================================================================

---------------------------------------------------------------------

Building model...

Computing reachable states... 3 32709 states
 22227 32709 states
Reachable states exploration and model construction done in 3.262 secs.
Sorting reachable states list...

Time for model construction: 3.3 seconds.

Type:        CTMC
States:      32709 (1 initial)
Transitions: 242672

---------------------------------------------------------------------

Verifying Prob .....

Starting transient probability computation...

Uniformisation: q.t = 1.02 x 1000.0 = 1020.0
Fox-Glynn (1.25E-7): left = 794, right = 1293
Transient probability computation took 1294 iters and 16.013 seconds.

Time for model checking: 16.015 seconds.

Result: 2.7932027079589245E-7 (minimum bound)

Result: 0.9999999999975089 (maximum bound)

========================================================================

Property: P=? [ true U[0,1000] (YFP_protein>=30) ]

ProbMin: 2.7932027079589245E-7 (minimum bound)

ProbMax: 0.9999999999975089 (maximum bound)

========================================================================
lukas@Lukas-MacBook Glitch Zero % stamina Circuit0x8E_100to010.sm pro.csl
STAMINA
=====
Version: 1.1

PRISM
=====

Version: 4.5
Date: Mon Sep 14 18:47:57 MDT 2020
Hostname: Lukas-MacBook.local
Memory limits: cudd=1g, java(heap)=2g

Type:        CTMC
Modules:     AmtR_protein BetI_protein HlyIIR_protein PhlF_protein YFP_protein topModel_AmtRpart_module_sub__pBAD topModel_AmtRpart_module_sub__pHlyIIR topModel_YFPpart_module_sub__pPhlF topModel_YFPpart_module_sub__pBetI topModel_BetIpart_module_sub__pHlyIIR topModel_BetIpart_module_sub__pTet topModel_PhlFpart_module_sub__pTac topModel_PhlFpart_module_sub__pAmtR topModel_HlyIIRpart_module_sub__pTet topModel_HlyIIRpart_module_sub__pBAD reaction_rates 
Variables:   AmtR_protein BetI_protein HlyIIR_protein PhlF_protein YFP_protein topModel_AmtRpart_module_sub__pBAD topModel_AmtRpart_module_sub__pHlyIIR topModel_YFPpart_module_sub__pPhlF topModel_YFPpart_module_sub__pBetI topModel_BetIpart_module_sub__pHlyIIR topModel_BetIpart_module_sub__pTet topModel_PhlFpart_module_sub__pTac topModel_PhlFpart_module_sub__pAmtR topModel_HlyIIRpart_module_sub__pTet topModel_HlyIIRpart_module_sub__pBAD 

Generator:   stamina.InfCTMCModelGenerator
Type:        CTMC

========================================================================
Approximation<1> : kappa = 1.0E-6
========================================================================

---------------------------------------------------------------------

Building model...

Computing reachable states... 18549 21623 22327 22542 22558 states
 1 22558 states
Reachable states exploration and model construction done in 13.123 secs.
Sorting reachable states list...

Time for model construction: 13.22 seconds.

Type:        CTMC
States:      22558 (1 initial)
Transitions: 192253

---------------------------------------------------------------------

Verifying Prob .....

Starting transient probability computation...

Uniformisation: q.t = 1.02 x 1000.0 = 1020.0
Fox-Glynn (1.25E-7): left = 794, right = 1293
Transient probability computation took 1294 iters and 9.566 seconds.

Time for model checking: 9.57 seconds.

Result: 0.0 (minimum bound)

Result: 0.6391285357251214 (maximum bound)

========================================================================
Approximation<2> : kappa = 9.999999999999999E-10
========================================================================

---------------------------------------------------------------------

Building model...

Computing reachable states... 43402 44259 states
 1 44259 states
Reachable states exploration and model construction done in 7.423 secs.
Sorting reachable states list...

Time for model construction: 7.497 seconds.

Type:        CTMC
States:      44259 (1 initial)
Transitions: 334522

---------------------------------------------------------------------

Verifying Prob .....

Starting transient probability computation...

Uniformisation: q.t = 1.02 x 1000.0 = 1020.0
Fox-Glynn (1.25E-7): left = 794, right = 1293
Transient probability computation took 1294 iters and 15.78 seconds.

Time for model checking: 15.786 seconds.

Result: 0.44563526943732024 (minimum bound)

Result: 0.45566497131944855 (maximum bound)

========================================================================
Approximation<3> : kappa = 9.999999999999998E-13
========================================================================

---------------------------------------------------------------------

Building model...

Computing reachable states... 52832 52997 states
 1 52997 states
Reachable states exploration and model construction done in 6.502 secs.
Sorting reachable states list...

Time for model construction: 6.563 seconds.

Type:        CTMC
States:      52997 (1 initial)
Transitions: 379753

---------------------------------------------------------------------

Verifying Prob .....

Starting transient probability computation...

Uniformisation: q.t = 1.02 x 1000.0 = 1020.0
Fox-Glynn (1.25E-7): left = 794, right = 1293
Transient probability computation took 1294 iters and 16.553 seconds.

Time for model checking: 16.555 seconds.

Result: 0.4556408299925512 (minimum bound)

Result: 0.4556488924008873 (maximum bound)

========================================================================

Property: P=? [ true U[0,1000] (YFP_protein>=30) ]

ProbMin: 0.4556408299925512 (minimum bound)

ProbMax: 0.4556488924008873 (maximum bound)

========================================================================
lukas@Lukas-MacBook Glitch Zero % stamina Circuit0x8E_100to111.sm pro.csl
STAMINA
=====
Version: 1.1

PRISM
=====

Version: 4.5
Date: Mon Sep 14 18:51:39 MDT 2020
Hostname: Lukas-MacBook.local
Memory limits: cudd=1g, java(heap)=2g

Type:        CTMC
Modules:     AmtR_protein BetI_protein HlyIIR_protein PhlF_protein YFP_protein topModel_AmtRpart_module_sub__pBAD topModel_AmtRpart_module_sub__pHlyIIR topModel_YFPpart_module_sub__pPhlF topModel_YFPpart_module_sub__pBetI topModel_BetIpart_module_sub__pHlyIIR topModel_BetIpart_module_sub__pTet topModel_PhlFpart_module_sub__pTac topModel_PhlFpart_module_sub__pAmtR topModel_HlyIIRpart_module_sub__pTet topModel_HlyIIRpart_module_sub__pBAD reaction_rates 
Variables:   AmtR_protein BetI_protein HlyIIR_protein PhlF_protein YFP_protein topModel_AmtRpart_module_sub__pBAD topModel_AmtRpart_module_sub__pHlyIIR topModel_YFPpart_module_sub__pPhlF topModel_YFPpart_module_sub__pBetI topModel_BetIpart_module_sub__pHlyIIR topModel_BetIpart_module_sub__pTet topModel_PhlFpart_module_sub__pTac topModel_PhlFpart_module_sub__pAmtR topModel_HlyIIRpart_module_sub__pTet topModel_HlyIIRpart_module_sub__pBAD 

Generator:   stamina.InfCTMCModelGenerator
Type:        CTMC

========================================================================
Approximation<1> : kappa = 1.0E-6
========================================================================

---------------------------------------------------------------------

Building model...

Computing reachable states... 2 1614 states
 1614 states
Reachable states exploration and model construction done in 0.55 secs.
Sorting reachable states list...

Time for model construction: 0.597 seconds.

Type:        CTMC
States:      1614 (1 initial)
Transitions: 11686

---------------------------------------------------------------------

Verifying Prob .....

Starting transient probability computation...

Uniformisation: q.t = 1.02 x 1000.0 = 1020.0
Fox-Glynn (1.25E-7): left = 794, right = 1293
Transient probability computation took 1294 iters and 1.288 seconds.

Time for model checking: 1.289 seconds.

Result: 0.0 (minimum bound)

Result: 0.9999999999998002 (maximum bound)

========================================================================
Approximation<2> : kappa = 9.999999999999999E-10
========================================================================

---------------------------------------------------------------------

Building model...

Computing reachable states... 2 3685 states
 3685 states
Reachable states exploration and model construction done in 0.589 secs.
Sorting reachable states list...

Time for model construction: 0.613 seconds.

Type:        CTMC
States:      3685 (1 initial)
Transitions: 28434

---------------------------------------------------------------------

Verifying Prob .....

Starting transient probability computation...

Uniformisation: q.t = 1.02 x 1000.0 = 1020.0
Fox-Glynn (1.25E-7): left = 794, right = 1293
Transient probability computation took 1294 iters and 1.768 seconds.

Time for model checking: 1.768 seconds.

Result: 0.0 (minimum bound)

Result: 0.9999999999994641 (maximum bound)

========================================================================
Approximation<3> : kappa = 9.999999999999998E-13
========================================================================

---------------------------------------------------------------------

Building model...

Computing reachable states... 2 7142 states
 7142 states
Reachable states exploration and model construction done in 0.787 secs.
Sorting reachable states list...

Time for model construction: 0.835 seconds.

Type:        CTMC
States:      7142 (1 initial)
Transitions: 57362

---------------------------------------------------------------------

Verifying Prob .....

Starting transient probability computation...

Uniformisation: q.t = 1.02 x 1000.0 = 1020.0
Fox-Glynn (1.25E-7): left = 794, right = 1293
Transient probability computation took 1294 iters and 3.81 seconds.

Time for model checking: 3.811 seconds.

Result: 7.313626264065761E-11 (minimum bound)

Result: 0.999999999998812 (maximum bound)

========================================================================
Approximation<4> : kappa = 9.999999999999997E-16
========================================================================

---------------------------------------------------------------------

Building model...

Computing reachable states... 2 12162 states
 12162 states
Reachable states exploration and model construction done in 1.216 secs.
Sorting reachable states list...

Time for model construction: 1.237 seconds.

Type:        CTMC
States:      12162 (1 initial)
Transitions: 99965

---------------------------------------------------------------------

Verifying Prob .....

Starting transient probability computation...

Uniformisation: q.t = 1.02 x 1000.0 = 1020.0
Fox-Glynn (1.25E-7): left = 794, right = 1293
Transient probability computation took 1294 iters and 7.064 seconds.

Time for model checking: 7.066 seconds.

Result: 6.31301454018228E-10 (minimum bound)

Result: 0.9999999999976947 (maximum bound)

========================================================================
Approximation<5> : kappa = 9.999999999999997E-19
========================================================================

---------------------------------------------------------------------

Building model...

Computing reachable states... 2 19003 states
 19003 states
Reachable states exploration and model construction done in 1.761 secs.
Sorting reachable states list...

Time for model construction: 1.799 seconds.

Type:        CTMC
States:      19003 (1 initial)
Transitions: 157072

---------------------------------------------------------------------

Verifying Prob .....

Starting transient probability computation...

Uniformisation: q.t = 1.02 x 1000.0 = 1020.0
Fox-Glynn (1.25E-7): left = 794, right = 1293
Transient probability computation took 1294 iters and 11.275 seconds.

Time for model checking: 11.277 seconds.

Result: 3.746625838546812E-9 (minimum bound)

Result: 0.9999999999844187 (maximum bound)

========================================================================
Approximation<6> : kappa = 9.999999999999997E-22
========================================================================

---------------------------------------------------------------------

Building model...

Computing reachable states... 2 27035 states
 5375 27035 states
Reachable states exploration and model construction done in 3.967 secs.
Sorting reachable states list...

Time for model construction: 4.036 seconds.

Type:        CTMC
States:      27035 (1 initial)
Transitions: 220931

---------------------------------------------------------------------

Verifying Prob .....

Starting transient probability computation...

Uniformisation: q.t = 1.02 x 1000.0 = 1020.0
Fox-Glynn (1.25E-7): left = 794, right = 1293
Transient probability computation took 1294 iters and 16.563 seconds.

Time for model checking: 16.568 seconds.

Result: 1.7920206955807724E-8 (minimum bound)

Result: 0.9952610802170123 (maximum bound)

========================================================================
Approximation<7> : kappa = 9.999999999999997E-25
========================================================================

---------------------------------------------------------------------

Building model...

Computing reachable states... 2 35541 states
 23416 35541 states
Reachable states exploration and model construction done in 3.304 secs.
Sorting reachable states list...

Time for model construction: 3.364 seconds.

Type:        CTMC
States:      35541 (1 initial)
Transitions: 283498

---------------------------------------------------------------------

Verifying Prob .....

Starting transient probability computation...

Uniformisation: q.t = 1.02 x 1000.0 = 1020.0
Fox-Glynn (1.25E-7): left = 794, right = 1293
Transient probability computation took 1294 iters and 20.301 seconds.

Time for model checking: 20.303 seconds.

Result: 2.4851577802397864E-7 (minimum bound)

Result: 0.972061530259609 (maximum bound)

========================================================================
Approximation<8> : kappa = 9.999999999999997E-28
========================================================================

---------------------------------------------------------------------

Building model...

Computing reachable states... 2 43214 states
 15033 43214 states
Reachable states exploration and model construction done in 3.872 secs.
Sorting reachable states list...

Time for model construction: 3.915 seconds.

Type:        CTMC
States:      43214 (1 initial)
Transitions: 333052

---------------------------------------------------------------------

Verifying Prob .....

Starting transient probability computation...

Uniformisation: q.t = 1.02 x 1000.0 = 1020.0
Fox-Glynn (1.25E-7): left = 794, right = 1293
Transient probability computation took 1294 iters and 23.529 seconds.

Time for model checking: 23.531 seconds.

Result: 3.256362575329215E-5 (minimum bound)

Result: 0.9165124499747587 (maximum bound)

========================================================================
Approximation<9> : kappa = 9.999999999999997E-31
========================================================================

---------------------------------------------------------------------

Building model...

Computing reachable states... 49602 states
 1 49602 states
Reachable states exploration and model construction done in 4.62 secs.
Sorting reachable states list...

Time for model construction: 4.7 seconds.

Type:        CTMC
States:      49602 (1 initial)
Transitions: 367620

---------------------------------------------------------------------

Verifying Prob .....

Starting transient probability computation...

Uniformisation: q.t = 1.02 x 1000.0 = 1020.0
Fox-Glynn (1.25E-7): left = 794, right = 1293
Transient probability computation took 1294 iters and 25.628 seconds.

Time for model checking: 25.628 seconds.

Result: 0.002031555385284933 (minimum bound)

Result: 0.8865911692228755 (maximum bound)

========================================================================
Approximation<10> : kappa = 9.999999999999997E-34
========================================================================

---------------------------------------------------------------------

Building model...

Computing reachable states... 2 53683 states
 97 53683 states
Reachable states exploration and model construction done in 4.488 secs.
Sorting reachable states list...

Time for model construction: 4.546 seconds.

Type:        CTMC
States:      53683 (1 initial)
Transitions: 387623

---------------------------------------------------------------------

Verifying Prob .....

Starting transient probability computation...

Uniformisation: q.t = 1.02 x 1000.0 = 1020.0
Fox-Glynn (1.25E-7): left = 794, right = 1293
Transient probability computation took 1294 iters and 25.641 seconds.

Time for model checking: 25.642 seconds.

Result: 0.011947594049987065 (minimum bound)

Result: 0.3490219064076757 (maximum bound)

========================================================================

Property: P=? [ true U[0,1000] (YFP_protein>=30) ]

ProbMin: 0.011947594049987065 (minimum bound)

ProbMax: 0.3490219064076757 (maximum bound)

========================================================================
lukas@Lukas-MacBook Glitch Zero % stamina Circuit0x8E_111to010.sm pro.csl
STAMINA
=====
Version: 1.1

PRISM
=====

Version: 4.5
Date: Mon Sep 14 18:57:39 MDT 2020
Hostname: Lukas-MacBook.local
Memory limits: cudd=1g, java(heap)=2g

Type:        CTMC
Modules:     AmtR_protein BetI_protein HlyIIR_protein PhlF_protein YFP_protein topModel_AmtRpart_module_sub__pBAD topModel_AmtRpart_module_sub__pHlyIIR topModel_YFPpart_module_sub__pPhlF topModel_YFPpart_module_sub__pBetI topModel_BetIpart_module_sub__pHlyIIR topModel_BetIpart_module_sub__pTet topModel_PhlFpart_module_sub__pTac topModel_PhlFpart_module_sub__pAmtR topModel_HlyIIRpart_module_sub__pTet topModel_HlyIIRpart_module_sub__pBAD reaction_rates 
Variables:   AmtR_protein BetI_protein HlyIIR_protein PhlF_protein YFP_protein topModel_AmtRpart_module_sub__pBAD topModel_AmtRpart_module_sub__pHlyIIR topModel_YFPpart_module_sub__pPhlF topModel_YFPpart_module_sub__pBetI topModel_BetIpart_module_sub__pHlyIIR topModel_BetIpart_module_sub__pTet topModel_PhlFpart_module_sub__pTac topModel_PhlFpart_module_sub__pAmtR topModel_HlyIIRpart_module_sub__pTet topModel_HlyIIRpart_module_sub__pBAD 

Generator:   stamina.InfCTMCModelGenerator
Type:        CTMC

========================================================================
Approximation<1> : kappa = 1.0E-6
========================================================================

---------------------------------------------------------------------

Building model...

Computing reachable states... 39435 60638 70677 76806 82353 87327 91903 95183 98481 101456 103552 105502 107429 109126 110572 111846 113065 114260 115352 116362 117185 117939 118566 119240 119742 120233 120650 121058 121481 121817 122202 122546 122889 123195 123469 123661 123865 124001 124179 124327 124478 124666 124787 124941 125088 125255 125328 125422 125524 states
 1 85230 125524 states
Reachable states exploration and model construction done in 151.736 secs.
Sorting reachable states list...

Time for model construction: 152.324 seconds.

Type:        CTMC
States:      125524 (1 initial)
Transitions: 1096679

---------------------------------------------------------------------

Verifying Prob .....

Starting transient probability computation...

Uniformisation: q.t = 1.02 x 1000.0 = 1020.0
Fox-Glynn (1.25E-7): left = 794, right = 1293
Transient probability computation took 1294 iters and 52.675 seconds.

Time for model checking: 52.687 seconds.

Result: 0.0 (minimum bound)

Result: 0.9957189007352563 (maximum bound)

========================================================================
Approximation<2> : kappa = 9.999999999999999E-10
========================================================================

---------------------------------------------------------------------

Building model...

Computing reachable states... 151285 184347 217993 253189 289208 303654 309737 317068 323932 326314 328808 331431 333301 334703 335790 336812 337811 338968 340176 340761 341130 341688 342450 342989 343705 344170 344707 345252 345802 346244 346615 346971 347317 347685 347995 348314 348556 348837 349094 349297 349523 349724 349907 350098 350236 350414 350596 350785 350931 351062 351193 351313 351444 351576 351681 351763 351851 351921 352009 352106 352161 352214 352250 352307 352380 352441 352498 352557 352611 352665 352729 352752 states
 1 86567 176207 268994 352752 states
Reachable states exploration and model construction done in 229.424 secs.
Sorting reachable states list...

Time for model construction: 229.911 seconds.

Type:        CTMC
States:      352752 (1 initial)
Transitions: 2918056

---------------------------------------------------------------------

Verifying Prob .....

Starting transient probability computation...

Uniformisation: q.t = 1.02 x 1000.0 = 1020.0
Fox-Glynn (1.25E-7): left = 794, right = 1293
Transient probability computation took 1294 iters and 153.206 seconds.

Time for model checking: 153.229 seconds.

Result: 0.6462744468497053 (minimum bound)

Result: 0.7089044954064941 (maximum bound)

========================================================================
Approximation<3> : kappa = 9.999999999999998E-13
========================================================================

---------------------------------------------------------------------

Building model...

Computing reachable states... 367692 385411 403300 423395 440609 459405 472785 483730 499111 507536 528136 551948 553184 554328 554827 555811 557136 558519 559949 561332 562869 564304 565772 567350 568858 570105 570679 571206 571811 572265 572894 573426 573984 574457 574825 575193 575656 576095 576532 576924 577032 577301 577534 577757 577982 578248 578391 578615 578831 579034 579286 579442 579678 579916 580115 580218 580359 580508 580651 580786 580923 581045 581197 581293 581406 581514 581687 581828 581991 582140 582251 582319 582412 582522 582616 582711 582819 582959 583061 583163 583241 583342 583429 583532 583642 583707 583785 583847 583924 583976 584026 584111 584160 584219 584270 584353 584438 584497 584582 584628 584679 584704 584762 584799 584863 584898 584947 584983 585043 585077 585147 585205 585247 585295 585331 585364 585409 585441 585490 585522 585567 585598 585636 585657 585693 585721 585770 585793 585837 585872 585880 states
 1 51949 128396 201887 255422 297035 363958 433935 508106 577874 585880 states
Reachable states exploration and model construction done in 459.692 secs.
Sorting reachable states list...

Time for model construction: 463.356 seconds.

Type:        CTMC
States:      585880 (1 initial)
Transitions: 4639161

---------------------------------------------------------------------

Verifying Prob .....

Starting transient probability computation...

Uniformisation: q.t = 1.02 x 1000.0 = 1020.0
Fox-Glynn (1.25E-7): left = 794, right = 1293
Transient probability computation took 1294 iters and 237.757 seconds.

Time for model checking: 237.782 seconds.

Result: 0.6945851789588983 (minimum bound)

Result: 0.6947457459081182 (maximum bound)

========================================================================

Property: P=? [ true U[0,1000] (YFP_protein>=30) ]

ProbMin: 0.6945851789588983 (minimum bound)

ProbMax: 0.6947457459081182 (maximum bound)

========================================================================
lukas@Lukas-MacBook Glitch Zero % stamina Circuit0x8E_111to100.sm pro.csl
STAMINA
=====
Version: 1.1

PRISM
=====

Version: 4.5
Date: Mon Sep 14 19:28:54 MDT 2020
Hostname: Lukas-MacBook.local
Memory limits: cudd=1g, java(heap)=2g

Type:        CTMC
Modules:     AmtR_protein BetI_protein HlyIIR_protein PhlF_protein YFP_protein topModel_AmtRpart_module_sub__pBAD topModel_AmtRpart_module_sub__pHlyIIR topModel_YFPpart_module_sub__pPhlF topModel_YFPpart_module_sub__pBetI topModel_BetIpart_module_sub__pHlyIIR topModel_BetIpart_module_sub__pTet topModel_PhlFpart_module_sub__pTac topModel_PhlFpart_module_sub__pAmtR topModel_HlyIIRpart_module_sub__pTet topModel_HlyIIRpart_module_sub__pBAD reaction_rates 
Variables:   AmtR_protein BetI_protein HlyIIR_protein PhlF_protein YFP_protein topModel_AmtRpart_module_sub__pBAD topModel_AmtRpart_module_sub__pHlyIIR topModel_YFPpart_module_sub__pPhlF topModel_YFPpart_module_sub__pBetI topModel_BetIpart_module_sub__pHlyIIR topModel_BetIpart_module_sub__pTet topModel_PhlFpart_module_sub__pTac topModel_PhlFpart_module_sub__pAmtR topModel_HlyIIRpart_module_sub__pTet topModel_HlyIIRpart_module_sub__pBAD 

Generator:   stamina.InfCTMCModelGenerator
Type:        CTMC

========================================================================
Approximation<1> : kappa = 1.0E-6
========================================================================

---------------------------------------------------------------------

Building model...

Computing reachable states... 43203 46095 states
 1 46095 states
Reachable states exploration and model construction done in 7.057 secs.
Sorting reachable states list...

Time for model construction: 7.208 seconds.

Type:        CTMC
States:      46095 (1 initial)
Transitions: 391345

---------------------------------------------------------------------

Verifying Prob .....

Starting transient probability computation...

Uniformisation: q.t = 1.02 x 1000.0 = 1020.0
Fox-Glynn (1.25E-7): left = 794, right = 1293
Transient probability computation took 1294 iters and 17.377 seconds.

Time for model checking: 17.384 seconds.

Result: 0.0 (minimum bound)

Result: 0.9999999999961595 (maximum bound)

========================================================================
Approximation<2> : kappa = 9.999999999999999E-10
========================================================================

---------------------------------------------------------------------

Building model...

Computing reachable states... 47214 states
 1 47214 states
Reachable states exploration and model construction done in 6.017 secs.
Sorting reachable states list...

Time for model construction: 6.115 seconds.

Type:        CTMC
States:      47214 (1 initial)
Transitions: 399958

---------------------------------------------------------------------

Verifying Prob .....

Starting transient probability computation...

Uniformisation: q.t = 1.02 x 1000.0 = 1020.0
Fox-Glynn (1.25E-7): left = 794, right = 1293
Transient probability computation took 1294 iters and 17.461 seconds.

Time for model checking: 17.466 seconds.

Result: 0.0011213339215459526 (minimum bound)

Result: 0.9999999999959936 (maximum bound)

========================================================================
Approximation<3> : kappa = 9.999999999999998E-13
========================================================================

---------------------------------------------------------------------

Building model...

Computing reachable states... 48121 states
 1 48121 states
Reachable states exploration and model construction done in 4.922 secs.
Sorting reachable states list...

Time for model construction: 4.979 seconds.

Type:        CTMC
States:      48121 (1 initial)
Transitions: 406401

---------------------------------------------------------------------

Verifying Prob .....

Starting transient probability computation...

Uniformisation: q.t = 1.02 x 1000.0 = 1020.0
Fox-Glynn (1.25E-7): left = 794, right = 1293
Transient probability computation took 1294 iters and 17.981 seconds.

Time for model checking: 17.983 seconds.

Result: 0.005273802843334111 (minimum bound)

Result: 0.9999999999958922 (maximum bound)

========================================================================
Approximation<4> : kappa = 9.999999999999997E-16
========================================================================

---------------------------------------------------------------------

Building model...

Computing reachable states... 49860 states
 1 49860 states
Reachable states exploration and model construction done in 4.699 secs.
Sorting reachable states list...

Time for model construction: 4.755 seconds.

Type:        CTMC
States:      49860 (1 initial)
Transitions: 418424

---------------------------------------------------------------------

Verifying Prob .....

Starting transient probability computation...

Uniformisation: q.t = 1.02 x 1000.0 = 1020.0
Fox-Glynn (1.25E-7): left = 794, right = 1293
Transient probability computation took 1294 iters and 18.317 seconds.

Time for model checking: 18.319 seconds.

Result: 0.011348940174694146 (minimum bound)

Result: 0.9999999999956488 (maximum bound)

========================================================================
Approximation<5> : kappa = 9.999999999999997E-19
========================================================================

---------------------------------------------------------------------

Building model...

Computing reachable states... 52219 52288 states
 1 52288 states
Reachable states exploration and model construction done in 6.234 secs.
Sorting reachable states list...

Time for model construction: 6.458 seconds.

Type:        CTMC
States:      52288 (1 initial)
Transitions: 435576

---------------------------------------------------------------------

Verifying Prob .....

Starting transient probability computation...

Uniformisation: q.t = 1.02 x 1000.0 = 1020.0
Fox-Glynn (1.25E-7): left = 794, right = 1293
Transient probability computation took 1294 iters and 21.26 seconds.

Time for model checking: 21.26 seconds.

Result: 0.018573551191384794 (minimum bound)

Result: 0.9999999999951212 (maximum bound)

========================================================================
Approximation<6> : kappa = 9.999999999999997E-22
========================================================================

---------------------------------------------------------------------

Building model...

Computing reachable states... 54840 54942 states
 1 54942 states
Reachable states exploration and model construction done in 6.645 secs.
Sorting reachable states list...

Time for model construction: 6.898 seconds.

Type:        CTMC
States:      54942 (1 initial)
Transitions: 454385

---------------------------------------------------------------------

Verifying Prob .....

Starting transient probability computation...

Uniformisation: q.t = 1.02 x 1000.0 = 1020.0
Fox-Glynn (1.25E-7): left = 794, right = 1293
Transient probability computation took 1294 iters and 24.198 seconds.

Time for model checking: 24.198 seconds.

Result: 0.029766791391976355 (minimum bound)

Result: 0.9999999964444594 (maximum bound)

========================================================================
Approximation<7> : kappa = 9.999999999999997E-25
========================================================================

---------------------------------------------------------------------

Building model...

Computing reachable states... 58120 58310 states
 1 58310 states
Reachable states exploration and model construction done in 8.457 secs.
Sorting reachable states list...

Time for model construction: 8.675 seconds.

Type:        CTMC
States:      58310 (1 initial)
Transitions: 477806

---------------------------------------------------------------------

Verifying Prob .....

Starting transient probability computation...

Uniformisation: q.t = 1.02 x 1000.0 = 1020.0
Fox-Glynn (1.25E-7): left = 794, right = 1293
Transient probability computation took 1294 iters and 21.235 seconds.

Time for model checking: 21.235 seconds.

Result: 0.04391561889132098 (minimum bound)

Result: 0.9999974302696238 (maximum bound)

========================================================================
Approximation<8> : kappa = 9.999999999999997E-28
========================================================================

---------------------------------------------------------------------

Building model...

Computing reachable states... 62281 62639 states
 1 62639 states
Reachable states exploration and model construction done in 7.785 secs.
Sorting reachable states list...

Time for model construction: 7.84 seconds.

Type:        CTMC
States:      62639 (1 initial)
Transitions: 508225

---------------------------------------------------------------------

Verifying Prob .....

Starting transient probability computation...

Uniformisation: q.t = 1.02 x 1000.0 = 1020.0
Fox-Glynn (1.25E-7): left = 794, right = 1293
Transient probability computation took 1294 iters and 22.697 seconds.

Time for model checking: 22.698 seconds.

Result: 0.05895636946729802 (minimum bound)

Result: 0.9999701220557271 (maximum bound)

========================================================================
Approximation<9> : kappa = 9.999999999999997E-31
========================================================================

---------------------------------------------------------------------

Building model...

Computing reachable states... 68426 68924 68984 states
 1 68984 states
Reachable states exploration and model construction done in 10.854 secs.
Sorting reachable states list...

Time for model construction: 10.91 seconds.

Type:        CTMC
States:      68984 (1 initial)
Transitions: 552679

---------------------------------------------------------------------

Verifying Prob .....

Starting transient probability computation...

Uniformisation: q.t = 1.02 x 1000.0 = 1020.0
Fox-Glynn (1.25E-7): left = 794, right = 1293
Transient probability computation took 1294 iters and 25.12 seconds.

Time for model checking: 25.121 seconds.

Result: 0.07059009360078691 (minimum bound)

Result: 0.9998978224185706 (maximum bound)

========================================================================
Approximation<10> : kappa = 9.999999999999997E-34
========================================================================

---------------------------------------------------------------------

Building model...

Computing reachable states... 73534 77044 77083 states
 1 77083 states
Reachable states exploration and model construction done in 9.949 secs.
Sorting reachable states list...

Time for model construction: 10.022 seconds.

Type:        CTMC
States:      77083 (1 initial)
Transitions: 610182

---------------------------------------------------------------------

Verifying Prob .....

Starting transient probability computation...

Uniformisation: q.t = 1.02 x 1000.0 = 1020.0
Fox-Glynn (1.25E-7): left = 794, right = 1293
Transient probability computation took 1294 iters and 28.12 seconds.

Time for model checking: 28.121 seconds.

Result: 0.08105395208740401 (minimum bound)

Result: 0.999678957635922 (maximum bound)

========================================================================

Property: P=? [ true U[0,1000] (YFP_protein>=30) ]

ProbMin: 0.08105395208740401 (minimum bound)

ProbMax: 0.999678957635922 (maximum bound)

========================================================================
lukas@Lukas-MacBook Glitch Zero %                                        
